#
# There is insufficient memory for the Java Runtime Environment to continue.
# Native memory allocation (malloc) failed to allocate 1110752 bytes. Error detail: Chunk::new
# Possible reasons:
#   The system is out of physical RAM or swap space
#   This process is running with CompressedOops enabled, and the Java Heap may be blocking the growth of the native heap
# Possible solutions:
#   Reduce memory load on the system
#   Increase physical memory or swap space
#   Check if swap backing store is full
#   Decrease Java heap size (-Xmx/-Xms)
#   Decrease number of Java threads
#   Decrease Java thread stack sizes (-Xss)
#   Set larger code cache with -XX:ReservedCodeCacheSize=
#   JVM is running with Unscaled Compressed Oops mode in which the Java heap is
#     placed in the first 4GB address space. The Java Heap base address is the
#     maximum limit for the native heap growth. Please use -XX:HeapBaseMinAddress
#     to set the Java Heap base and to place the Java Heap above 4GB virtual address.
# This output file may be truncated or incomplete.
#
#  Out of Memory Error (arena.cpp:168), pid=20460, tid=23252
#
# JRE version: OpenJDK Runtime Environment Temurin-21.0.12.1+1 (21.0.12.1+1) (build 21.0.12.1+1-LTS)
# Java VM: OpenJDK 64-Bit Server VM Temurin-21.0.12.1+1 (21.0.12.1+1-LTS, mixed mode, sharing, tiered, compressed oops, compressed class ptrs, parallel gc, windows-amd64)
# No core dump will be written. Minidumps are not enabled by default on client versions of Windows
#

---------------  S U M M A R Y ------------

Command Line: --add-modules=ALL-SYSTEM --add-opens=java.base/java.util=ALL-UNNAMED --add-opens=java.base/java.lang=ALL-UNNAMED --add-opens=java.base/sun.nio.fs=ALL-UNNAMED -Declipse.application=org.eclipse.jdt.ls.core.id1 -Dosgi.bundles.defaultStartLevel=4 -Declipse.product=org.eclipse.jdt.ls.core.product -Djava.import.generatesMetadataFilesAtProjectRoot=false -Dm2e.project.cache.size=50 -DDetectVMInstallationsJob.disabled=true -Dfile.encoding=utf8 -XX:+UseParallelGC -XX:GCTimeRatio=4 -XX:AdaptiveSizePolicyWeight=90 -Dsun.zip.disableMemoryMapping=true -Xmx2G -Xms100m -Xlog:disable -javaagent:c:\Users\VICTUS\.vscode\extensions\redhat.java-1.56.0-win32-x64\lombok\lombok-1.18.39-4050.jar -XX:+HeapDumpOnOutOfMemoryError -XX:HeapDumpPath=c:\Users\VICTUS\AppData\Roaming\Code\User\workspaceStorage\2f8d8b5e0074f7f9ef6241d05b112171\redhat.java -Daether.dependencyCollector.impl=bf c:\Users\VICTUS\.vscode\extensions\redhat.java-1.56.0-win32-x64\server\plugins\org.eclipse.equinox.launcher_1.8.0.v20260804-1928.jar -configuration c:\Users\VICTUS\AppData\Roaming\Code\User\globalStorage\redhat.java\1.56.0\config_win -data c:\Users\VICTUS\AppData\Roaming\Code\User\workspaceStorage\2f8d8b5e0074f7f9ef6241d05b112171\redhat.java\jdt_ws --pipe=\\.\pipe\lsp-f02f0ef87c436a7cd8f37e86389c3171-sock

Host: AMD Ryzen 7 5800H with Radeon Graphics         , 16 cores, 15G,  Windows 11 , 64 bit Build 26100 (10.0.26100.9549)
Time: Wed Sep 30 14:38:38 2026 Hora est. Pacífico, Sudamérica elapsed time: 4.003731 seconds (0d 0h 0m 4s)

---------------  T H R E A D  ---------------

Current thread (0x0000020a90d5eab0):  JavaThread "C2 CompilerThread1" daemon [_thread_in_native, id=23252, stack(0x000000f0b8800000,0x000000f0b8900000) (1024K)]


Current CompileTask:
C2:4003 3262       4       java.lang.invoke.MethodType::makeImpl (109 bytes)

Stack: [0x000000f0b8800000,0x000000f0b8900000]
Native frames: (J=compiled Java code, j=interpreted, Vv=VM code, C=native code)
V  [jvm.dll+0x6d83e9]
V  [jvm.dll+0x8b5736]
V  [jvm.dll+0x8b7cee]
V  [jvm.dll+0x8b83d3]
V  [jvm.dll+0x284596]
V  [jvm.dll+0xc685d]
V  [jvm.dll+0xc6da1]
V  [jvm.dll+0x3bf18b]
V  [jvm.dll+0x1e3f42]
V  [jvm.dll+0x24c853]
V  [jvm.dll+0x24bce0]
V  [jvm.dll+0x1cb4ae]
V  [jvm.dll+0x25baad]
V  [jvm.dll+0x25a03a]
V  [jvm.dll+0x3f8aae]
V  [jvm.dll+0x8600cd]
V  [jvm.dll+0x6d6c1d]
C  [ucrtbase.dll+0x2cd30]
C  [KERNEL32.DLL+0x2cdf7]
C  [ntdll.dll+0x7ee4c]


---------------  P R O C E S S  ---------------

Threads class SMR info:
_java_thread_list=0x0000020a97e1be30, length=25, elements={
0x0000020a37f1afb0, 0x0000020a37fc3400, 0x0000020a37ecd840, 0x0000020a37fc5000,
0x0000020a37fc7420, 0x0000020a37fcb3d0, 0x0000020a37fd2be0, 0x0000020a37fddd70,
0x0000020a90d5dd10, 0x0000020a90d5c1d0, 0x0000020a90d5c8a0, 0x0000020a90d5eab0,
0x0000020a37fd3900, 0x0000020a90d5cf70, 0x0000020a37fd1ec0, 0x0000020a37fd3f90,
0x0000020a37fd4620, 0x0000020a37fd2550, 0x0000020a37fd3270, 0x0000020a37fd11a0,
0x0000020a37fd1830, 0x0000020a97e82150, 0x0000020a97e81430, 0x0000020a97e827e0,
0x0000020a97e82e70
}

Java Threads: ( => current thread )
  0x0000020a37f1afb0 JavaThread "main"                              [_thread_blocked, id=6284, stack(0x000000f0b7a00000,0x000000f0b7b00000) (1024K)]
  0x0000020a37fc3400 JavaThread "Reference Handler"          daemon [_thread_blocked, id=11280, stack(0x000000f0b7e00000,0x000000f0b7f00000) (1024K)]
  0x0000020a37ecd840 JavaThread "Finalizer"                  daemon [_thread_blocked, id=2992, stack(0x000000f0b7f00000,0x000000f0b8000000) (1024K)]
  0x0000020a37fc5000 JavaThread "Signal Dispatcher"          daemon [_thread_blocked, id=6652, stack(0x000000f0b8000000,0x000000f0b8100000) (1024K)]
  0x0000020a37fc7420 JavaThread "Attach Listener"            daemon [_thread_blocked, id=11972, stack(0x000000f0b8100000,0x000000f0b8200000) (1024K)]
  0x0000020a37fcb3d0 JavaThread "Service Thread"             daemon [_thread_blocked, id=25416, stack(0x000000f0b8200000,0x000000f0b8300000) (1024K)]
  0x0000020a37fd2be0 JavaThread "Monitor Deflation Thread"   daemon [_thread_blocked, id=13764, stack(0x000000f0b8300000,0x000000f0b8400000) (1024K)]
  0x0000020a37fddd70 JavaThread "C2 CompilerThread0"         daemon [_thread_in_native, id=4044, stack(0x000000f0b8400000,0x000000f0b8500000) (1024K)]
  0x0000020a90d5dd10 JavaThread "C1 CompilerThread0"         daemon [_thread_blocked, id=11536, stack(0x000000f0b8500000,0x000000f0b8600000) (1024K)]
  0x0000020a90d5c1d0 JavaThread "C1 CompilerThread1"         daemon [_thread_blocked, id=17184, stack(0x000000f0b8600000,0x000000f0b8700000) (1024K)]
  0x0000020a90d5c8a0 JavaThread "C1 CompilerThread2"         daemon [_thread_blocked, id=10772, stack(0x000000f0b8700000,0x000000f0b8800000) (1024K)]
=>0x0000020a90d5eab0 JavaThread "C2 CompilerThread1"         daemon [_thread_in_native, id=23252, stack(0x000000f0b8800000,0x000000f0b8900000) (1024K)]
  0x0000020a37fd3900 JavaThread "Common-Cleaner"             daemon [_thread_blocked, id=21556, stack(0x000000f0b8900000,0x000000f0b8a00000) (1024K)]
  0x0000020a90d5cf70 JavaThread "C1 CompilerThread3"         daemon [_thread_blocked, id=10968, stack(0x000000f0b8a00000,0x000000f0b8b00000) (1024K)]
  0x0000020a37fd1ec0 JavaThread "Notification Thread"        daemon [_thread_blocked, id=4572, stack(0x000000f0b8b00000,0x000000f0b8c00000) (1024K)]
  0x0000020a37fd3f90 JavaThread "Active Thread: Equinox Container: 5a587f47-b753-4e8c-9094-f0018009e9f3"        [_thread_blocked, id=19180, stack(0x000000f0b9400000,0x000000f0b9500000) (1024K)]
  0x0000020a37fd4620 JavaThread "Refresh Thread: Equinox Container: 5a587f47-b753-4e8c-9094-f0018009e9f3" daemon [_thread_blocked, id=14280, stack(0x000000f0b9600000,0x000000f0b9700000) (1024K)]
  0x0000020a37fd2550 JavaThread "Framework Event Dispatcher: Equinox Container: 5a587f47-b753-4e8c-9094-f0018009e9f3" daemon [_thread_blocked, id=8656, stack(0x000000f0b9700000,0x000000f0b9800000) (1024K)]
  0x0000020a37fd3270 JavaThread "Start Level: Equinox Container: 5a587f47-b753-4e8c-9094-f0018009e9f3" daemon [_thread_blocked, id=20044, stack(0x000000f0b9800000,0x000000f0b9900000) (1024K)]
  0x0000020a37fd11a0 JavaThread "Bundle File Closer"         daemon [_thread_blocked, id=17800, stack(0x000000f0b9b00000,0x000000f0b9c00000) (1024K)]
  0x0000020a37fd1830 JavaThread "SCR Component Actor"        daemon [_thread_blocked, id=19884, stack(0x000000f0b9c00000,0x000000f0b9d00000) (1024K)]
  0x0000020a97e82150 JavaThread "Worker-JM"                         [_thread_blocked, id=20952, stack(0x000000f0b9e00000,0x000000f0b9f00000) (1024K)]
  0x0000020a97e81430 JavaThread "JNA Cleaner"                daemon [_thread_blocked, id=24656, stack(0x000000f0b8c00000,0x000000f0b8d00000) (1024K)]
  0x0000020a97e827e0 JavaThread "Worker-0: Checking project encoding"        [_thread_blocked, id=16132, stack(0x000000f0ba000000,0x000000f0ba100000) (1024K)]
  0x0000020a97e82e70 JavaThread "Worker-1"                          [_thread_blocked, id=12436, stack(0x000000f0ba100000,0x000000f0ba200000) (1024K)]
Total: 25

Other Threads:
  0x0000020a37fbec10 VMThread "VM Thread"                           [id=1808, stack(0x000000f0b7d00000,0x000000f0b7e00000) (1024K)]
  0x0000020a37daca00 WatcherThread "VM Periodic Task Thread"        [id=20364, stack(0x000000f0b7c00000,0x000000f0b7d00000) (1024K)]
  0x0000020a37f3a7b0 WorkerThread "GC Thread#0"                     [id=1744, stack(0x000000f0b7b00000,0x000000f0b7c00000) (1024K)]
  0x0000020a9728b630 WorkerThread "GC Thread#1"                     [id=21312, stack(0x000000f0b8e00000,0x000000f0b8f00000) (1024K)]
  0x0000020a9728b9e0 WorkerThread "GC Thread#2"                     [id=17576, stack(0x000000f0b8f00000,0x000000f0b9000000) (1024K)]
  0x0000020a9712fca0 WorkerThread "GC Thread#3"                     [id=20060, stack(0x000000f0b9000000,0x000000f0b9100000) (1024K)]
  0x0000020a97130050 WorkerThread "GC Thread#4"                     [id=13680, stack(0x000000f0b9100000,0x000000f0b9200000) (1024K)]
  0x0000020a97130400 WorkerThread "GC Thread#5"                     [id=15272, stack(0x000000f0b9200000,0x000000f0b9300000) (1024K)]
  0x0000020a92b6be60 WorkerThread "GC Thread#6"                     [id=25344, stack(0x000000f0b9300000,0x000000f0b9400000) (1024K)]
  0x0000020a973eebc0 WorkerThread "GC Thread#7"                     [id=24356, stack(0x000000f0b9500000,0x000000f0b9600000) (1024K)]
  0x0000020a9754b030 WorkerThread "GC Thread#8"                     [id=6196, stack(0x000000f0b8d00000,0x000000f0b8e00000) (1024K)]
  0x0000020a971255d0 WorkerThread "GC Thread#9"                     [id=25400, stack(0x000000f0b9900000,0x000000f0b9a00000) (1024K)]
  0x0000020a926cb520 WorkerThread "GC Thread#10"                    [id=16936, stack(0x000000f0b9a00000,0x000000f0b9b00000) (1024K)]
  0x0000020a97555d30 WorkerThread "GC Thread#11"                    [id=16204, stack(0x000000f0b9d00000,0x000000f0b9e00000) (1024K)]
  0x0000020a975cdb60 WorkerThread "GC Thread#12"                    [id=18368, stack(0x000000f0b9f00000,0x000000f0ba000000) (1024K)]
Total: 15

Threads with active compile tasks:
C2 CompilerThread0  4043 3687   !   4       java.util.concurrent.ConcurrentHashMap::putVal (432 bytes)
C1 CompilerThread0  4043 3695       3       java.lang.ref.ReferenceQueue::signal (10 bytes)
C1 CompilerThread2  4043 3694   !   3       java.lang.ref.ReferenceQueue::enqueue (32 bytes)
C2 CompilerThread1  4043 3262       4       java.lang.invoke.MethodType::makeImpl (109 bytes)
Total: 4

VM state: not at safepoint (normal execution)

VM Mutex/Monitor currently owned by a thread: None

Heap address: 0x0000000080000000, size: 2048 MB, Compressed Oops mode: 32-bit

CDS archive(s) mapped at: [0x0000020a4f000000-0x0000020a4fba0000-0x0000020a4fba0000), size 12189696, SharedBaseAddress: 0x0000020a4f000000, ArchiveRelocationMode: 1.
Compressed class space mapped at: 0x0000020a50000000-0x0000020a90000000, reserved size: 1073741824
Narrow klass base: 0x0000020a4f000000, Narrow klass shift: 0, Narrow klass range: 0x100000000

GC Precious Log:
 CardTable entry size: 512
 CPUs: 16 total, 16 available
 Memory: 15709M
 Large Page Support: Disabled
 NUMA Support: Disabled
 Compressed Oops: Enabled (32-bit)
 Alignments: Space 512K, Generation 512K, Heap 2M
 Heap Min Capacity: 100M
 Heap Initial Capacity: 100M
 Heap Max Capacity: 2G
 Pre-touch: Disabled
 Parallel Workers: 13

Heap:
 PSYoungGen      total 29696K, used 5284K [0x00000000d5580000, 0x00000000d7980000, 0x0000000100000000)
  eden space 24576K, 2% used [0x00000000d5580000,0x00000000d56156d8,0x00000000d6d80000)
  from space 5120K, 91% used [0x00000000d7480000,0x00000000d7913c38,0x00000000d7980000)
  to   space 5632K, 0% used [0x00000000d6e80000,0x00000000d6e80000,0x00000000d7400000)
 ParOldGen       total 68608K, used 9674K [0x0000000080000000, 0x0000000084300000, 0x00000000d5580000)
  object space 68608K, 14% used [0x0000000080000000,0x0000000080972948,0x0000000084300000)
 Metaspace       used 18962K, committed 19712K, reserved 1114112K
  class space    used 1985K, committed 2240K, reserved 1048576K

Card table byte_map: [0x0000020a378c0000,0x0000020a37cd0000] _byte_map_base: 0x0000020a374c0000

Marking Bits: (ParMarkBitMap*) 0x00007fff643744a0
 Begin Bits: [0x0000020a4a3d0000, 0x0000020a4c3d0000)
 End Bits:   [0x0000020a4c3d0000, 0x0000020a4e3d0000)

Polling page: 0x0000020a35a90000

Metaspace:

Usage:
  Non-class:     16.58 MB used.
      Class:      1.94 MB used.
       Both:     18.52 MB used.

Virtual space:
  Non-class space:       64.00 MB reserved,      17.06 MB ( 27%) committed,  1 nodes.
      Class space:        1.00 GB reserved,       2.19 MB ( <1%) committed,  1 nodes.
             Both:        1.06 GB reserved,      19.25 MB (  2%) committed. 

Chunk freelists:
   Non-Class:  14.64 MB
       Class:  13.63 MB
        Both:  28.27 MB

MaxMetaspaceSize: unlimited
CompressedClassSpaceSize: 1.00 GB
Initial GC threshold: 21.00 MB
Current GC threshold: 21.00 MB
CDS: on
 - commit_granule_bytes: 65536.
 - commit_granule_words: 8192.
 - virtual_space_node_default_size: 8388608.
 - enlarge_chunks_in_place: 1.
 - use_allocation_guard: 0.


Internal statistics:

num_allocs_failed_limit: 0.
num_arena_births: 596.
num_arena_deaths: 0.
num_vsnodes_births: 2.
num_vsnodes_deaths: 0.
num_space_committed: 308.
num_space_uncommitted: 0.
num_chunks_returned_to_freelist: 0.
num_chunks_taken_from_freelist: 1334.
num_chunk_merges: 0.
num_chunk_splits: 834.
num_chunks_enlarged: 527.
num_inconsistent_stats: 0.

CodeHeap 'non-profiled nmethods': size=119168Kb used=1474Kb max_used=1474Kb free=117693Kb
 bounds [0x0000020a42cc0000, 0x0000020a42f30000, 0x0000020a4a120000]
CodeHeap 'profiled nmethods': size=119104Kb used=7758Kb max_used=7758Kb free=111345Kb
 bounds [0x0000020a3b120000, 0x0000020a3b8c0000, 0x0000020a42570000]
CodeHeap 'non-nmethods': size=7488Kb used=2967Kb max_used=2984Kb free=4520Kb
 bounds [0x0000020a42570000, 0x0000020a42860000, 0x0000020a42cc0000]
CodeCache: size=245760Kb, used=12199Kb, max_used=12216Kb, free=233558Kb
 total_blobs=4251, nmethods=3692, adapters=462, full_count=0
Compilation: enabled, stopped_count=0, restarted_count=0

Compilation events (20 events):
Event: 3.995 Thread 0x0000020a90d5dd10 nmethod 3633 0x0000020a3b886c90 code [0x0000020a3b886e60, 0x0000020a3b887198]
Event: 3.995 Thread 0x0000020a90d5cf70 nmethod 3631 0x0000020a3b887290 code [0x0000020a3b887480, 0x0000020a3b8878c8]
Event: 3.996 Thread 0x0000020a90d5c1d0 nmethod 3634 0x0000020a3b887a90 code [0x0000020a3b887ca0, 0x0000020a3b888340]
Event: 3.996 Thread 0x0000020a90d5c8a0 nmethod 3632 0x0000020a3b888610 code [0x0000020a3b888800, 0x0000020a3b888cc0]
Event: 3.996 Thread 0x0000020a90d5dd10 3635       3       org.eclipse.osgi.container.ModuleRequirement::getResource (5 bytes)
Event: 3.996 Thread 0x0000020a90d5c1d0 3636       3       org.eclipse.osgi.container.ModuleWire::getCapability (5 bytes)
Event: 3.996 Thread 0x0000020a90d5c8a0 3637       3       org.apache.felix.resolver.WireCandidate::<init> (15 bytes)
Event: 3.996 Thread 0x0000020a90d5cf70 3638       3       org.eclipse.osgi.container.ModuleWire::getRequirer (5 bytes)
Event: 3.997 Thread 0x0000020a37fddd70 3640       4       java.util.Collections$UnmodifiableCollection::size (10 bytes)
Event: 3.997 Thread 0x0000020a90d5dd10 nmethod 3635 0x0000020a3b888e90 code [0x0000020a3b889020, 0x0000020a3b8891c8]
Event: 3.997 Thread 0x0000020a90d5c1d0 nmethod 3636 0x0000020a3b889290 code [0x0000020a3b889420, 0x0000020a3b889540]
Event: 3.997 Thread 0x0000020a90d5c8a0 nmethod 3637 0x0000020a3b889610 code [0x0000020a3b8897c0, 0x0000020a3b889958]
Event: 3.997 Thread 0x0000020a90d5cf70 nmethod 3638 0x0000020a3b889a10 code [0x0000020a3b889ba0, 0x0000020a3b889cc0]
Event: 3.997 Thread 0x0000020a90d5dd10 3639       3       org.eclipse.osgi.container.ModuleWire::getProvider (5 bytes)
Event: 3.997 Thread 0x0000020a90d5dd10 nmethod 3639 0x0000020a3b889d90 code [0x0000020a3b889f20, 0x0000020a3b88a040]
Event: 3.998 Thread 0x0000020a37fddd70 nmethod 3640 0x0000020a42e2bb90 code [0x0000020a42e2bd20, 0x0000020a42e2bdf8]
Event: 3.998 Thread 0x0000020a90d5dd10 3641       3       org.apache.felix.resolver.util.OpenHashMap::arraySize (70 bytes)
Event: 3.998 Thread 0x0000020a90d5cf70 3642       3       org.apache.felix.resolver.util.OpenHashMap::nextPowerOfTwo (53 bytes)
Event: 3.998 Thread 0x0000020a90d5c8a0 3643       3       org.apache.felix.resolver.util.OpenHashMap::maxFill (16 bytes)
Event: 3.998 Thread 0x0000020a90d5c1d0 3644       3       org.apache.felix.resolver.util.OpenHashMap::<init> (128 bytes)

GC Heap History (10 events):
Event: 1.110 GC heap before
{Heap before GC invocations=1 (full 0):
 PSYoungGen      total 29696K, used 25600K [0x00000000d5580000, 0x00000000d7680000, 0x0000000100000000)
  eden space 25600K, 100% used [0x00000000d5580000,0x00000000d6e80000,0x00000000d6e80000)
  from space 4096K, 0% used [0x00000000d7280000,0x00000000d7280000,0x00000000d7680000)
  to   space 4096K, 0% used [0x00000000d6e80000,0x00000000d6e80000,0x00000000d7280000)
 ParOldGen       total 68608K, used 0K [0x0000000080000000, 0x0000000084300000, 0x00000000d5580000)
  object space 68608K, 0% used [0x0000000080000000,0x0000000080000000,0x0000000084300000)
 Metaspace       used 4215K, committed 4480K, reserved 1114112K
  class space    used 459K, committed 576K, reserved 1048576K
}
Event: 1.119 GC heap after
{Heap after GC invocations=1 (full 0):
 PSYoungGen      total 29696K, used 3563K [0x00000000d5580000, 0x00000000d7680000, 0x0000000100000000)
  eden space 25600K, 0% used [0x00000000d5580000,0x00000000d5580000,0x00000000d6e80000)
  from space 4096K, 87% used [0x00000000d6e80000,0x00000000d71faff0,0x00000000d7280000)
  to   space 4096K, 0% used [0x00000000d7280000,0x00000000d7280000,0x00000000d7680000)
 ParOldGen       total 68608K, used 16K [0x0000000080000000, 0x0000000084300000, 0x00000000d5580000)
  object space 68608K, 0% used [0x0000000080000000,0x0000000080004000,0x0000000084300000)
 Metaspace       used 4215K, committed 4480K, reserved 1114112K
  class space    used 459K, committed 576K, reserved 1048576K
}
Event: 1.950 GC heap before
{Heap before GC invocations=2 (full 0):
 PSYoungGen      total 29696K, used 29163K [0x00000000d5580000, 0x00000000d7680000, 0x0000000100000000)
  eden space 25600K, 100% used [0x00000000d5580000,0x00000000d6e80000,0x00000000d6e80000)
  from space 4096K, 87% used [0x00000000d6e80000,0x00000000d71faff0,0x00000000d7280000)
  to   space 4096K, 0% used [0x00000000d7280000,0x00000000d7280000,0x00000000d7680000)
 ParOldGen       total 68608K, used 16K [0x0000000080000000, 0x0000000084300000, 0x00000000d5580000)
  object space 68608K, 0% used [0x0000000080000000,0x0000000080004000,0x0000000084300000)
 Metaspace       used 7895K, committed 8192K, reserved 1114112K
  class space    used 817K, committed 960K, reserved 1048576K
}
Event: 1.957 GC heap after
{Heap after GC invocations=2 (full 0):
 PSYoungGen      total 29696K, used 4070K [0x00000000d5580000, 0x00000000d7680000, 0x0000000100000000)
  eden space 25600K, 0% used [0x00000000d5580000,0x00000000d5580000,0x00000000d6e80000)
  from space 4096K, 99% used [0x00000000d7280000,0x00000000d7679800,0x00000000d7680000)
  to   space 4096K, 0% used [0x00000000d6e80000,0x00000000d6e80000,0x00000000d7280000)
 ParOldGen       total 68608K, used 1561K [0x0000000080000000, 0x0000000084300000, 0x00000000d5580000)
  object space 68608K, 2% used [0x0000000080000000,0x00000000801866a8,0x0000000084300000)
 Metaspace       used 7895K, committed 8192K, reserved 1114112K
  class space    used 817K, committed 960K, reserved 1048576K
}
Event: 2.494 GC heap before
{Heap before GC invocations=3 (full 0):
 PSYoungGen      total 29696K, used 29670K [0x00000000d5580000, 0x00000000d7680000, 0x0000000100000000)
  eden space 25600K, 100% used [0x00000000d5580000,0x00000000d6e80000,0x00000000d6e80000)
  from space 4096K, 99% used [0x00000000d7280000,0x00000000d7679800,0x00000000d7680000)
  to   space 4096K, 0% used [0x00000000d6e80000,0x00000000d6e80000,0x00000000d7280000)
 ParOldGen       total 68608K, used 1561K [0x0000000080000000, 0x0000000084300000, 0x00000000d5580000)
  object space 68608K, 2% used [0x0000000080000000,0x00000000801866a8,0x0000000084300000)
 Metaspace       used 9519K, committed 9856K, reserved 1114112K
  class space    used 1012K, committed 1152K, reserved 1048576K
}
Event: 2.501 GC heap after
{Heap after GC invocations=3 (full 0):
 PSYoungGen      total 29696K, used 4072K [0x00000000d5580000, 0x00000000d7680000, 0x0000000100000000)
  eden space 25600K, 0% used [0x00000000d5580000,0x00000000d5580000,0x00000000d6e80000)
  from space 4096K, 99% used [0x00000000d6e80000,0x00000000d727a078,0x00000000d7280000)
  to   space 4096K, 0% used [0x00000000d7280000,0x00000000d7280000,0x00000000d7680000)
 ParOldGen       total 68608K, used 3949K [0x0000000080000000, 0x0000000084300000, 0x00000000d5580000)
  object space 68608K, 5% used [0x0000000080000000,0x00000000803db4e8,0x0000000084300000)
 Metaspace       used 9519K, committed 9856K, reserved 1114112K
  class space    used 1012K, committed 1152K, reserved 1048576K
}
Event: 2.889 GC heap before
{Heap before GC invocations=4 (full 0):
 PSYoungGen      total 29696K, used 29672K [0x00000000d5580000, 0x00000000d7680000, 0x0000000100000000)
  eden space 25600K, 100% used [0x00000000d5580000,0x00000000d6e80000,0x00000000d6e80000)
  from space 4096K, 99% used [0x00000000d6e80000,0x00000000d727a078,0x00000000d7280000)
  to   space 4096K, 0% used [0x00000000d7280000,0x00000000d7280000,0x00000000d7680000)
 ParOldGen       total 68608K, used 3949K [0x0000000080000000, 0x0000000084300000, 0x00000000d5580000)
  object space 68608K, 5% used [0x0000000080000000,0x00000000803db4e8,0x0000000084300000)
 Metaspace       used 11718K, committed 12160K, reserved 1114112K
  class space    used 1238K, committed 1408K, reserved 1048576K
}
Event: 2.896 GC heap after
{Heap after GC invocations=4 (full 0):
 PSYoungGen      total 29696K, used 4083K [0x00000000d5580000, 0x00000000d7680000, 0x0000000100000000)
  eden space 25600K, 0% used [0x00000000d5580000,0x00000000d5580000,0x00000000d6e80000)
  from space 4096K, 99% used [0x00000000d7280000,0x00000000d767ced8,0x00000000d7680000)
  to   space 4096K, 0% used [0x00000000d6e80000,0x00000000d6e80000,0x00000000d7280000)
 ParOldGen       total 68608K, used 8306K [0x0000000080000000, 0x0000000084300000, 0x00000000d5580000)
  object space 68608K, 12% used [0x0000000080000000,0x000000008081c8b0,0x0000000084300000)
 Metaspace       used 11718K, committed 12160K, reserved 1114112K
  class space    used 1238K, committed 1408K, reserved 1048576K
}
Event: 3.450 GC heap before
{Heap before GC invocations=5 (full 0):
 PSYoungGen      total 29696K, used 29683K [0x00000000d5580000, 0x00000000d7680000, 0x0000000100000000)
  eden space 25600K, 100% used [0x00000000d5580000,0x00000000d6e80000,0x00000000d6e80000)
  from space 4096K, 99% used [0x00000000d7280000,0x00000000d767ced8,0x00000000d7680000)
  to   space 4096K, 0% used [0x00000000d6e80000,0x00000000d6e80000,0x00000000d7280000)
 ParOldGen       total 68608K, used 8306K [0x0000000080000000, 0x0000000084300000, 0x00000000d5580000)
  object space 68608K, 12% used [0x0000000080000000,0x000000008081c8b0,0x0000000084300000)
 Metaspace       used 15790K, committed 16384K, reserved 1114112K
  class space    used 1632K, committed 1920K, reserved 1048576K
}
Event: 3.455 GC heap after
{Heap after GC invocations=5 (full 0):
 PSYoungGen      total 29184K, used 4064K [0x00000000d5580000, 0x00000000d7b00000, 0x0000000100000000)
  eden space 25088K, 0% used [0x00000000d5580000,0x00000000d5580000,0x00000000d6e00000)
  from space 4096K, 99% used [0x00000000d6e80000,0x00000000d72780d0,0x00000000d7280000)
  to   space 6656K, 0% used [0x00000000d7480000,0x00000000d7480000,0x00000000d7b00000)
 ParOldGen       total 68608K, used 9666K [0x0000000080000000, 0x0000000084300000, 0x00000000d5580000)
  object space 68608K, 14% used [0x0000000080000000,0x0000000080970948,0x0000000084300000)
 Metaspace       used 15790K, committed 16384K, reserved 1114112K
  class space    used 1632K, committed 1920K, reserved 1048576K
}

Dll operation events (20 events):
Event: 0.017 Attempting to load shared library c:\Users\VICTUS\.vscode\extensions\redhat.java-1.56.0-win32-x64\jre\21.0.12.1-win32-x86_64\bin\java.dll
Event: 0.017 Loaded shared library c:\Users\VICTUS\.vscode\extensions\redhat.java-1.56.0-win32-x64\jre\21.0.12.1-win32-x86_64\bin\java.dll
Event: 0.120 Attempting to load shared library c:\Users\VICTUS\.vscode\extensions\redhat.java-1.56.0-win32-x64\jre\21.0.12.1-win32-x86_64\bin\zip.dll
Event: 0.120 Loaded shared library c:\Users\VICTUS\.vscode\extensions\redhat.java-1.56.0-win32-x64\jre\21.0.12.1-win32-x86_64\bin\zip.dll
Event: 0.152 Attempting to load shared library C:\Users\VICTUS\.vscode\extensions\redhat.java-1.56.0-win32-x64\jre\21.0.12.1-win32-x86_64\bin\instrument.dll
Event: 0.152 Loaded shared library C:\Users\VICTUS\.vscode\extensions\redhat.java-1.56.0-win32-x64\jre\21.0.12.1-win32-x86_64\bin\instrument.dll
Event: 0.159 Attempting to load shared library C:\Users\VICTUS\.vscode\extensions\redhat.java-1.56.0-win32-x64\jre\21.0.12.1-win32-x86_64\bin\net.dll
Event: 0.161 Loaded shared library C:\Users\VICTUS\.vscode\extensions\redhat.java-1.56.0-win32-x64\jre\21.0.12.1-win32-x86_64\bin\net.dll
Event: 0.164 Attempting to load shared library C:\Users\VICTUS\.vscode\extensions\redhat.java-1.56.0-win32-x64\jre\21.0.12.1-win32-x86_64\bin\nio.dll
Event: 0.165 Loaded shared library C:\Users\VICTUS\.vscode\extensions\redhat.java-1.56.0-win32-x64\jre\21.0.12.1-win32-x86_64\bin\nio.dll
Event: 0.169 Attempting to load shared library C:\Users\VICTUS\.vscode\extensions\redhat.java-1.56.0-win32-x64\jre\21.0.12.1-win32-x86_64\bin\zip.dll
Event: 0.169 Loaded shared library C:\Users\VICTUS\.vscode\extensions\redhat.java-1.56.0-win32-x64\jre\21.0.12.1-win32-x86_64\bin\zip.dll
Event: 0.194 Attempting to load shared library C:\Users\VICTUS\.vscode\extensions\redhat.java-1.56.0-win32-x64\jre\21.0.12.1-win32-x86_64\bin\jimage.dll
Event: 0.194 Loaded shared library C:\Users\VICTUS\.vscode\extensions\redhat.java-1.56.0-win32-x64\jre\21.0.12.1-win32-x86_64\bin\jimage.dll
Event: 0.317 Attempting to load shared library c:\Users\VICTUS\.vscode\extensions\redhat.java-1.56.0-win32-x64\jre\21.0.12.1-win32-x86_64\bin\verify.dll
Event: 0.318 Loaded shared library c:\Users\VICTUS\.vscode\extensions\redhat.java-1.56.0-win32-x64\jre\21.0.12.1-win32-x86_64\bin\verify.dll
Event: 2.137 Attempting to load shared library C:\Users\VICTUS\AppData\Roaming\Code\User\globalStorage\redhat.java\1.56.0\config_win\org.eclipse.equinox.launcher\org.eclipse.equinox.launcher.win32.win32.x86_64_1.3.100.v20260804-1928\eclipse_11924.dll
Event: 2.140 Loaded shared library C:\Users\VICTUS\AppData\Roaming\Code\User\globalStorage\redhat.java\1.56.0\config_win\org.eclipse.equinox.launcher\org.eclipse.equinox.launcher.win32.win32.x86_64_1.3.100.v20260804-1928\eclipse_11924.dll
Event: 3.561 Attempting to load shared library C:\Users\VICTUS\AppData\Local\Temp\jna--1763363838\jna11628139063231157858.dll
Event: 3.665 Loaded shared library C:\Users\VICTUS\AppData\Local\Temp\jna--1763363838\jna11628139063231157858.dll

Deoptimization events (20 events):
Event: 3.896 Thread 0x0000020a37fd3270 Uncommon trap: trap_request=0xffffff45 fr.pc=0x0000020a42d0bcc8 relative=0x0000000000000308
Event: 3.896 Thread 0x0000020a37fd3270 Uncommon trap: reason=unstable_if action=reinterpret pc=0x0000020a42d0bcc8 method=java.util.HashMap$HashIterator.<init>(Ljava/util/HashMap;)V @ 45 c2
Event: 3.896 Thread 0x0000020a37fd3270 DEOPT PACKING pc=0x0000020a42d0bcc8 sp=0x000000f0b98f2ff0
Event: 3.896 Thread 0x0000020a37fd3270 DEOPT UNPACKING pc=0x0000020a425c3aa2 sp=0x000000f0b98f2eb8 mode 2
Event: 3.935 Thread 0x0000020a37fd3270 Uncommon trap: trap_request=0xffffffde fr.pc=0x0000020a42e04e70 relative=0x0000000000000050
Event: 3.935 Thread 0x0000020a37fd3270 Uncommon trap: reason=class_check action=maybe_recompile pc=0x0000020a42e04e70 method=java.lang.invoke.DirectMethodHandle.internalMemberName(Ljava/lang/Object;)Ljava/lang/Object; @ 1 c2
Event: 3.935 Thread 0x0000020a37fd3270 DEOPT PACKING pc=0x0000020a42e04e70 sp=0x000000f0b98f3a80
Event: 3.935 Thread 0x0000020a37fd3270 DEOPT UNPACKING pc=0x0000020a425c3aa2 sp=0x000000f0b98f3a10 mode 2
Event: 3.935 Thread 0x0000020a37fd3270 Uncommon trap: trap_request=0xffffffde fr.pc=0x0000020a42e04e70 relative=0x0000000000000050
Event: 3.935 Thread 0x0000020a37fd3270 Uncommon trap: reason=class_check action=maybe_recompile pc=0x0000020a42e04e70 method=java.lang.invoke.DirectMethodHandle.internalMemberName(Ljava/lang/Object;)Ljava/lang/Object; @ 1 c2
Event: 3.935 Thread 0x0000020a37fd3270 DEOPT PACKING pc=0x0000020a42e04e70 sp=0x000000f0b98f3b60
Event: 3.935 Thread 0x0000020a37fd3270 DEOPT UNPACKING pc=0x0000020a425c3aa2 sp=0x000000f0b98f3af0 mode 2
Event: 3.935 Thread 0x0000020a37fd3270 Uncommon trap: trap_request=0xffffffde fr.pc=0x0000020a42e04e70 relative=0x0000000000000050
Event: 3.935 Thread 0x0000020a37fd3270 Uncommon trap: reason=class_check action=maybe_recompile pc=0x0000020a42e04e70 method=java.lang.invoke.DirectMethodHandle.internalMemberName(Ljava/lang/Object;)Ljava/lang/Object; @ 1 c2
Event: 3.935 Thread 0x0000020a37fd3270 DEOPT PACKING pc=0x0000020a42e04e70 sp=0x000000f0b98f3b60
Event: 3.935 Thread 0x0000020a37fd3270 DEOPT UNPACKING pc=0x0000020a425c3aa2 sp=0x000000f0b98f3af0 mode 2
Event: 3.936 Thread 0x0000020a37fd3270 Uncommon trap: trap_request=0xffffff45 fr.pc=0x0000020a42df7044 relative=0x00000000000000a4
Event: 3.936 Thread 0x0000020a37fd3270 Uncommon trap: reason=unstable_if action=reinterpret pc=0x0000020a42df7044 method=java.lang.ref.ReferenceQueue.poll()Ljava/lang/ref/Reference; @ 4 c2
Event: 3.936 Thread 0x0000020a37fd3270 DEOPT PACKING pc=0x0000020a42df7044 sp=0x000000f0b98f3bf0
Event: 3.936 Thread 0x0000020a37fd3270 DEOPT UNPACKING pc=0x0000020a425c3aa2 sp=0x000000f0b98f3ad8 mode 2

Classes loaded (20 events):
Event: 3.726 Loading class java/util/function/LongUnaryOperator
Event: 3.726 Loading class java/util/function/LongUnaryOperator done
Event: 3.726 Loading class java/lang/ThreadDeath
Event: 3.727 Loading class java/lang/ThreadDeath done
Event: 3.737 Loading class java/util/stream/SortedOps$SizedRefSortingSink
Event: 3.737 Loading class java/util/stream/SortedOps$SizedRefSortingSink done
Event: 3.770 Loading class java/util/concurrent/atomic/Striped64$1
Event: 3.770 Loading class java/util/concurrent/atomic/Striped64$1 done
Event: 3.833 Loading class java/util/BitSet
Event: 3.833 Loading class java/util/BitSet done
Event: 3.838 Loading class sun/net/www/protocol/jrt/JavaRuntimeURLConnection
Event: 3.839 Loading class sun/net/www/protocol/jrt/JavaRuntimeURLConnection done
Event: 3.839 Loading class sun/net/www/protocol/jrt/JavaRuntimeURLConnection$1
Event: 3.839 Loading class sun/net/www/protocol/jrt/JavaRuntimeURLConnection$1 done
Event: 3.864 Loading class java/util/function/UnaryOperator
Event: 3.864 Loading class java/util/function/UnaryOperator done
Event: 3.867 Loading class java/util/ServiceConfigurationError
Event: 3.867 Loading class java/util/ServiceConfigurationError done
Event: 3.883 Loading class java/lang/InheritableThreadLocal
Event: 3.884 Loading class java/lang/InheritableThreadLocal done

Classes unloaded (0 events):
No events

Classes redefined (0 events):
No events

Internal exceptions (20 events):
Event: 3.512 Thread 0x0000020a37fd3270 Exception <a 'java/lang/NoSuchMethodError'{0x00000000d58fabe8}: 'java.lang.Object java.lang.invoke.DirectMethodHandle$Holder.invokeStaticInit(java.lang.Object, int, int, int, int)'> (0x00000000d58fabe8) 
thrown [s\src\hotspot\share\interpreter\linkResolver.cpp, line 773]
Event: 3.546 Thread 0x0000020a37fd3270 Exception <a 'java/lang/NoSuchMethodError'{0x00000000d59e37e0}: 'java.lang.Object java.lang.invoke.DirectMethodHandle$Holder.invokeStaticInit(java.lang.Object, java.lang.Object, int, int, int, int)'> (0x00000000d59e37e0) 
thrown [s\src\hotspot\share\interpreter\linkResolver.cpp, line 773]
Event: 3.686 Thread 0x0000020a37fd3270 Exception <a 'java/lang/NoSuchMethodError'{0x00000000d5b1f9f8}: 'void java.lang.invoke.DirectMethodHandle$Holder.invokeSpecial(java.lang.Object, java.lang.Object, java.lang.Object, int)'> (0x00000000d5b1f9f8) 
thrown [s\src\hotspot\share\interpreter\linkResolver.cpp, line 773]
Event: 3.687 Thread 0x0000020a37fd3270 Exception <a 'java/lang/NoSuchMethodError'{0x00000000d5b23388}: 'void java.lang.invoke.DelegatingMethodHandle$Holder.reinvoke_L(java.lang.Object, java.lang.Object, int)'> (0x00000000d5b23388) 
thrown [s\src\hotspot\share\interpreter\linkResolver.cpp, line 773]
Event: 3.687 Thread 0x0000020a37fd3270 Exception <a 'java/lang/NoSuchMethodError'{0x00000000d5b2a070}: 'int java.lang.invoke.Invokers$Holder.invokeExact_MT(java.lang.Object, java.lang.Object, java.lang.Object)'> (0x00000000d5b2a070) 
thrown [s\src\hotspot\share\interpreter\linkResolver.cpp, line 773]
Event: 3.700 Thread 0x0000020a37fd3270 Exception <a 'java/lang/NoSuchMethodError'{0x00000000d5bff388}: method resolution failed> (0x00000000d5bff388) 
thrown [s\src\hotspot\share\prims\methodHandles.cpp, line 1136]
Event: 3.707 Thread 0x0000020a37fd3270 Exception <a 'java/lang/NoSuchMethodError'{0x00000000d5c57b48}: 'void java.lang.invoke.Invokers$Holder.invokeExact_MT(java.lang.Object, java.lang.Object, int, java.lang.Object)'> (0x00000000d5c57b48) 
thrown [s\src\hotspot\share\interpreter\linkResolver.cpp, line 773]
Event: 3.724 Thread 0x0000020a37fd3270 Exception <a 'java/lang/NoSuchMethodError'{0x00000000d5d6f818}: 'java.lang.Object java.lang.invoke.DirectMethodHandle$Holder.invokeSpecial(java.lang.Object, java.lang.Object, java.lang.Object, long, java.lang.Object)'> (0x00000000d5d6f818) 
thrown [s\src\hotspot\share\interpreter\linkResolver.cpp, line 773]
Event: 3.725 Thread 0x0000020a37fd3270 Exception <a 'java/lang/NoSuchMethodError'{0x00000000d5d77060}: 'java.lang.Object java.lang.invoke.DirectMethodHandle$Holder.newInvokeSpecial(java.lang.Object, java.lang.Object, java.lang.Object, long)'> (0x00000000d5d77060) 
thrown [s\src\hotspot\share\interpreter\linkResolver.cpp, line 773]
Event: 3.725 Thread 0x0000020a37fd3270 Exception <a 'java/lang/NoSuchMethodError'{0x00000000d5d7b410}: 'java.lang.Object java.lang.invoke.DirectMethodHandle$Holder.invokeSpecial(java.lang.Object, java.lang.Object, java.lang.Object, java.lang.Object, long)'> (0x00000000d5d7b410) 
thrown [s\src\hotspot\share\interpreter\linkResolver.cpp, line 773]
Event: 3.725 Thread 0x0000020a37fd3270 Exception <a 'java/lang/NoSuchMethodError'{0x00000000d5d7f030}: 'java.lang.Object java.lang.invoke.Invokers$Holder.linkToTargetMethod(java.lang.Object, java.lang.Object, long, java.lang.Object)'> (0x00000000d5d7f030) 
thrown [s\src\hotspot\share\interpreter\linkResolver.cpp, line 773]
Event: 3.734 Thread 0x0000020a37fd3270 Exception <a 'java/lang/NoSuchMethodError'{0x00000000d5de02a0}: 'int java.lang.invoke.DirectMethodHandle$Holder.invokeStaticInit(java.lang.Object, java.lang.Object, java.lang.Object)'> (0x00000000d5de02a0) 
thrown [s\src\hotspot\share\interpreter\linkResolver.cpp, line 773]
Event: 3.747 Thread 0x0000020a37fd3270 Exception <a 'java/lang/IncompatibleClassChangeError'{0x00000000d5e97990}: Found class java.lang.Object, but interface was expected> (0x00000000d5e97990) 
thrown [s\src\hotspot\share\interpreter\linkResolver.cpp, line 840]
Event: 3.750 Thread 0x0000020a37fd3270 Exception <a 'java/lang/NoSuchMethodError'{0x00000000d5ea78d0}: 'java.lang.Object java.lang.invoke.DirectMethodHandle$Holder.invokeSpecial(java.lang.Object, java.lang.Object, java.lang.Object, int, java.lang.Object, java.lang.Object)'> (0x00000000d5ea78d0) 
thrown [s\src\hotspot\share\interpreter\linkResolver.cpp, line 773]
Event: 3.751 Thread 0x0000020a37fd3270 Exception <a 'java/lang/NoSuchMethodError'{0x00000000d5eaf2e8}: 'java.lang.Object java.lang.invoke.DirectMethodHandle$Holder.newInvokeSpecial(java.lang.Object, java.lang.Object, java.lang.Object, int, java.lang.Object)'> (0x00000000d5eaf2e8) 
thrown [s\src\hotspot\share\interpreter\linkResolver.cpp, line 773]
Event: 3.751 Thread 0x0000020a37fd3270 Exception <a 'java/lang/NoSuchMethodError'{0x00000000d5eb3268}: 'java.lang.Object java.lang.invoke.DirectMethodHandle$Holder.invokeSpecial(java.lang.Object, java.lang.Object, java.lang.Object, java.lang.Object, int, java.lang.Object)'> (0x00000000d5eb3268) 
thrown [s\src\hotspot\share\interpreter\linkResolver.cpp, line 773]
Event: 3.752 Thread 0x0000020a37fd3270 Exception <a 'java/lang/NoSuchMethodError'{0x00000000d5eb6da8}: 'java.lang.Object java.lang.invoke.Invokers$Holder.linkToTargetMethod(java.lang.Object, java.lang.Object, int, java.lang.Object, java.lang.Object)'> (0x00000000d5eb6da8) 
thrown [s\src\hotspot\share\interpreter\linkResolver.cpp, line 773]
Event: 3.752 Thread 0x0000020a97e827e0 Exception <a 'java/lang/NoSuchMethodError'{0x00000000d5e03478}: 'java.lang.Object java.lang.invoke.DirectMethodHandle$Holder.invokeSpecial(java.lang.Object, java.lang.Object, int, java.lang.Object, java.lang.Object)'> (0x00000000d5e03478) 
thrown [s\src\hotspot\share\interpreter\linkResolver.cpp, line 773]
Event: 3.773 Thread 0x0000020a37fd3270 Exception <a 'java/lang/NoSuchMethodError'{0x00000000d5fc5618}: 'void java.lang.invoke.DirectMethodHandle$Holder.invokeSpecial(java.lang.Object, java.lang.Object, java.lang.Object, java.lang.Object, java.lang.Object)'> (0x00000000d5fc5618) 
thrown [s\src\hotspot\share\interpreter\linkResolver.cpp, line 773]
Event: 3.934 Thread 0x0000020a37fd3270 Exception <a 'java/lang/NoSuchMethodError'{0x00000000d676adf8}: 'java.lang.Object java.lang.invoke.DirectMethodHandle$Holder.invokeInterface(java.lang.Object, java.lang.Object, java.lang.Object)'> (0x00000000d676adf8) 
thrown [s\src\hotspot\share\interpreter\linkResolver.cpp, line 773]

ZGC Phase Switch (0 events):
No events

VM Operations (20 events):
Event: 2.889 Executing safepoint VM operation: ParallelGCFailedAllocation (Allocation Failure)
Event: 2.896 Executing safepoint VM operation: ParallelGCFailedAllocation (Allocation Failure) done
Event: 3.351 Executing safepoint VM operation: ICBufferFull
Event: 3.352 Executing safepoint VM operation: ICBufferFull done
Event: 3.393 Executing non-safepoint VM operation: HandshakeAllThreads (Deoptimize)
Event: 3.393 Executing non-safepoint VM operation: HandshakeAllThreads (Deoptimize) done
Event: 3.450 Executing safepoint VM operation: ParallelGCFailedAllocation (Allocation Failure)
Event: 3.455 Executing safepoint VM operation: ParallelGCFailedAllocation (Allocation Failure) done
Event: 3.538 Executing non-safepoint VM operation: HandshakeAllThreads (Deoptimize)
Event: 3.538 Executing non-safepoint VM operation: HandshakeAllThreads (Deoptimize) done
Event: 3.675 Executing non-safepoint VM operation: HandshakeAllThreads (Deoptimize)
Event: 3.675 Executing non-safepoint VM operation: HandshakeAllThreads (Deoptimize) done
Event: 3.840 Executing non-safepoint VM operation: HandshakeAllThreads (Deoptimize)
Event: 3.840 Executing non-safepoint VM operation: HandshakeAllThreads (Deoptimize) done
Event: 3.889 Executing non-safepoint VM operation: HandshakeAllThreads (Deoptimize)
Event: 3.889 Executing non-safepoint VM operation: HandshakeAllThreads (Deoptimize) done
Event: 3.895 Executing non-safepoint VM operation: HandshakeAllThreads (Deoptimize)
Event: 3.895 Executing non-safepoint VM operation: HandshakeAllThreads (Deoptimize) done
Event: 3.906 Executing safepoint VM operation: ICBufferFull
Event: 3.906 Executing safepoint VM operation: ICBufferFull done

Memory protections (0 events):
No events

Nmethod flushes (0 events):
No events

Events (20 events):
Event: 0.714 Thread 0x0000020a90d5c8a0 Thread added: 0x0000020a90d5f180
Event: 0.714 Thread 0x0000020a90d5c8a0 Thread added: 0x0000020a90d5bb00
Event: 1.385 Thread 0x0000020a90d5bb00 Thread exited: 0x0000020a90d5bb00
Event: 1.385 Thread 0x0000020a90d5f180 Thread exited: 0x0000020a90d5f180
Event: 1.454 Thread 0x0000020a90d5eab0 Thread added: 0x0000020a90d5d640
Event: 1.465 Thread 0x0000020a90d5c1d0 Thread added: 0x0000020a90d5e3e0
Event: 1.783 Thread 0x0000020a37f1afb0 Thread added: 0x0000020a37fd3f90
Event: 2.134 Thread 0x0000020a37f1afb0 Thread added: 0x0000020a37fd4620
Event: 2.184 Thread 0x0000020a37fd4620 Thread added: 0x0000020a37fd2550
Event: 2.188 Thread 0x0000020a37f1afb0 Thread added: 0x0000020a37fd3270
Event: 2.233 Thread 0x0000020a90d5e3e0 Thread exited: 0x0000020a90d5e3e0
Event: 2.591 Thread 0x0000020a37fd3270 Thread added: 0x0000020a37fd11a0
Event: 2.735 Thread 0x0000020a37fd3270 Thread added: 0x0000020a37fd1830
Event: 2.899 Thread 0x0000020a90d5d640 Thread exited: 0x0000020a90d5d640
Event: 2.957 Thread 0x0000020a90d5c8a0 Thread added: 0x0000020a90d5d640
Event: 3.207 Thread 0x0000020a37fd3270 Thread added: 0x0000020a97e82150
Event: 3.668 Thread 0x0000020a90d5d640 Thread exited: 0x0000020a90d5d640
Event: 3.693 Thread 0x0000020a37fd3270 Thread added: 0x0000020a97e81430
Event: 3.729 Thread 0x0000020a37fd3270 Thread added: 0x0000020a97e827e0
Event: 3.753 Thread 0x0000020a37fd3270 Thread added: 0x0000020a97e82e70


Dynamic libraries:
0x00007ff7572c0000 - 0x00007ff7572ce000 	c:\Users\VICTUS\.vscode\extensions\redhat.java-1.56.0-win32-x64\jre\21.0.12.1-win32-x86_64\bin\java.exe
0x00007ff828420000 - 0x00007ff828687000 	C:\WINDOWS\SYSTEM32\ntdll.dll
0x00007ff827ba0000 - 0x00007ff827c6b000 	C:\WINDOWS\System32\KERNEL32.DLL
0x00007ff8256e0000 - 0x00007ff825ae1000 	C:\WINDOWS\System32\KERNELBASE.dll
0x00007ff825e20000 - 0x00007ff825f6c000 	C:\WINDOWS\System32\ucrtbase.dll
0x00007ff8131d0000 - 0x00007ff8131ee000 	c:\Users\VICTUS\.vscode\extensions\redhat.java-1.56.0-win32-x64\jre\21.0.12.1-win32-x86_64\bin\VCRUNTIME140.dll
0x00007ff81df70000 - 0x00007ff81df88000 	c:\Users\VICTUS\.vscode\extensions\redhat.java-1.56.0-win32-x64\jre\21.0.12.1-win32-x86_64\bin\jli.dll
0x00007ff826270000 - 0x00007ff826447000 	C:\WINDOWS\System32\USER32.dll
0x00007ff80a650000 - 0x00007ff80a8e0000 	C:\WINDOWS\WinSxS\amd64_microsoft.windows.common-controls_6595b64144ccf1df_6.0.26100.9549_none_3e0a0396e3330090\COMCTL32.dll
0x00007ff826110000 - 0x00007ff826137000 	C:\WINDOWS\System32\win32u.dll
0x00007ff8270b0000 - 0x00007ff827159000 	C:\WINDOWS\System32\msvcrt.dll
0x00007ff827de0000 - 0x00007ff827e0b000 	C:\WINDOWS\System32\GDI32.dll
0x00007ff825c40000 - 0x00007ff825d68000 	C:\WINDOWS\System32\gdi32full.dll
0x00007ff825d70000 - 0x00007ff825e13000 	C:\WINDOWS\System32\msvcp_win.dll
0x00007ff827570000 - 0x00007ff8275a1000 	C:\WINDOWS\System32\IMM32.DLL
0x00007ff816590000 - 0x00007ff81659c000 	c:\Users\VICTUS\.vscode\extensions\redhat.java-1.56.0-win32-x64\jre\21.0.12.1-win32-x86_64\bin\vcruntime140_1.dll
0x00007fffcf490000 - 0x00007fffcf51d000 	c:\Users\VICTUS\.vscode\extensions\redhat.java-1.56.0-win32-x64\jre\21.0.12.1-win32-x86_64\bin\msvcp140.dll
0x00007fff636b0000 - 0x00007fff64452000 	c:\Users\VICTUS\.vscode\extensions\redhat.java-1.56.0-win32-x64\jre\21.0.12.1-win32-x86_64\bin\server\jvm.dll
0x00007ff827180000 - 0x00007ff82723b000 	C:\WINDOWS\System32\ADVAPI32.dll
0x00007ff8261c0000 - 0x00007ff826268000 	C:\WINDOWS\System32\sechost.dll
0x00007ff827a50000 - 0x00007ff827b68000 	C:\WINDOWS\System32\RPCRT4.dll
0x00007ff827e10000 - 0x00007ff827e91000 	C:\WINDOWS\System32\WS2_32.dll
0x00007ff825490000 - 0x00007ff8254ee000 	C:\WINDOWS\SYSTEM32\POWRPROF.dll
0x00007ff819ac0000 - 0x00007ff819af7000 	C:\WINDOWS\SYSTEM32\WINMM.dll
0x00007ff81cfc0000 - 0x00007ff81cfcb000 	C:\WINDOWS\SYSTEM32\VERSION.dll
0x00007ff825470000 - 0x00007ff825485000 	C:\WINDOWS\SYSTEM32\UMPDC.dll
0x00007ff824280000 - 0x00007ff82429b000 	C:\WINDOWS\SYSTEM32\kernel.appcore.dll
0x00007ff813210000 - 0x00007ff81321a000 	c:\Users\VICTUS\.vscode\extensions\redhat.java-1.56.0-win32-x64\jre\21.0.12.1-win32-x86_64\bin\jimage.dll
0x00007ff81bee0000 - 0x00007ff81c12c000 	C:\WINDOWS\SYSTEM32\DBGHELP.DLL
0x00007ff826c90000 - 0x00007ff82701a000 	C:\WINDOWS\System32\combase.dll
0x00007ff8273d0000 - 0x00007ff8274a9000 	C:\WINDOWS\System32\OLEAUT32.dll
0x00007ff801800000 - 0x00007ff80183b000 	C:\WINDOWS\SYSTEM32\dbgcore.DLL
0x00007ff825b80000 - 0x00007ff825c2c000 	C:\WINDOWS\System32\bcryptPrimitives.dll
0x00007ff8130f0000 - 0x00007ff8130ff000 	c:\Users\VICTUS\.vscode\extensions\redhat.java-1.56.0-win32-x64\jre\21.0.12.1-win32-x86_64\bin\instrument.dll
0x00007ff801040000 - 0x00007ff801060000 	c:\Users\VICTUS\.vscode\extensions\redhat.java-1.56.0-win32-x64\jre\21.0.12.1-win32-x86_64\bin\java.dll
0x00007ff826450000 - 0x00007ff826bec000 	C:\WINDOWS\System32\SHELL32.dll
0x00007ff823020000 - 0x00007ff8238cd000 	C:\WINDOWS\SYSTEM32\windows.storage.dll
0x00007ff827240000 - 0x00007ff827339000 	C:\WINDOWS\System32\SHCORE.dll
0x00007ff827350000 - 0x00007ff8273b6000 	C:\WINDOWS\System32\shlwapi.dll
0x00007ff825530000 - 0x00007ff825559000 	C:\WINDOWS\SYSTEM32\profapi.dll
0x00007ff800fe0000 - 0x00007ff800ff8000 	c:\Users\VICTUS\.vscode\extensions\redhat.java-1.56.0-win32-x64\jre\21.0.12.1-win32-x86_64\bin\zip.dll
0x00007ff811790000 - 0x00007ff8117a0000 	C:\Users\VICTUS\.vscode\extensions\redhat.java-1.56.0-win32-x64\jre\21.0.12.1-win32-x86_64\bin\net.dll
0x00007ff81f530000 - 0x00007ff81f65a000 	C:\WINDOWS\SYSTEM32\WINHTTP.dll
0x00007ff824820000 - 0x00007ff82488c000 	C:\WINDOWS\system32\mswsock.dll
0x00007ff800ce0000 - 0x00007ff800cf6000 	C:\Users\VICTUS\.vscode\extensions\redhat.java-1.56.0-win32-x64\jre\21.0.12.1-win32-x86_64\bin\nio.dll
0x00007ff801030000 - 0x00007ff801040000 	c:\Users\VICTUS\.vscode\extensions\redhat.java-1.56.0-win32-x64\jre\21.0.12.1-win32-x86_64\bin\verify.dll
0x00007fffcecc0000 - 0x00007fffced05000 	C:\Users\VICTUS\AppData\Roaming\Code\User\globalStorage\redhat.java\1.56.0\config_win\org.eclipse.equinox.launcher\org.eclipse.equinox.launcher.win32.win32.x86_64_1.3.100.v20260804-1928\eclipse_11924.dll
0x00007ff8280e0000 - 0x00007ff82827a000 	C:\WINDOWS\System32\ole32.dll
0x00007ff824c60000 - 0x00007ff824c7b000 	C:\WINDOWS\SYSTEM32\CRYPTSP.dll
0x00007ff8241e0000 - 0x00007ff824219000 	C:\WINDOWS\system32\rsaenh.dll
0x00007ff8248d0000 - 0x00007ff824904000 	C:\WINDOWS\SYSTEM32\USERENV.dll
0x00007ff825500000 - 0x00007ff82552a000 	C:\WINDOWS\SYSTEM32\bcrypt.dll
0x00007ff824a80000 - 0x00007ff824a8c000 	C:\WINDOWS\SYSTEM32\CRYPTBASE.dll
0x00007ff823c30000 - 0x00007ff823c63000 	C:\WINDOWS\SYSTEM32\IPHLPAPI.DLL
0x00007ff8280d0000 - 0x00007ff8280da000 	C:\WINDOWS\System32\NSI.dll
0x00007fffcf840000 - 0x00007fffcf889000 	C:\Users\VICTUS\AppData\Local\Temp\jna--1763363838\jna11628139063231157858.dll
0x00007ff827340000 - 0x00007ff827348000 	C:\WINDOWS\System32\PSAPI.DLL

JVMTI agents:
c:\Users\VICTUS\.vscode\extensions\redhat.java-1.56.0-win32-x64\lombok\lombok-1.18.39-4050.jar path:c:\Users\VICTUS\.vscode\extensions\redhat.java-1.56.0-win32-x64\jre\21.0.12.1-win32-x86_64\bin\instrument.dll, loaded, initialized, instrumentlib options:none

dbghelp: loaded successfully - version: 4.0.5 - missing functions: none
symbol engine: initialized successfully - sym options: 0x614 - pdb path: .;c:\Users\VICTUS\.vscode\extensions\redhat.java-1.56.0-win32-x64\jre\21.0.12.1-win32-x86_64\bin;C:\WINDOWS\SYSTEM32;C:\WINDOWS\WinSxS\amd64_microsoft.windows.common-controls_6595b64144ccf1df_6.0.26100.9549_none_3e0a0396e3330090;c:\Users\VICTUS\.vscode\extensions\redhat.java-1.56.0-win32-x64\jre\21.0.12.1-win32-x86_64\bin\server;C:\Users\VICTUS\AppData\Roaming\Code\User\globalStorage\redhat.java\1.56.0\config_win\org.eclipse.equinox.launcher\org.eclipse.equinox.launcher.win32.win32.x86_64_1.3.100.v20260804-1928;C:\Users\VICTUS\AppData\Local\Temp\jna--1763363838

VM Arguments:
jvm_args: --add-modules=ALL-SYSTEM --add-opens=java.base/java.util=ALL-UNNAMED --add-opens=java.base/java.lang=ALL-UNNAMED --add-opens=java.base/sun.nio.fs=ALL-UNNAMED -Declipse.application=org.eclipse.jdt.ls.core.id1 -Dosgi.bundles.defaultStartLevel=4 -Declipse.product=org.eclipse.jdt.ls.core.product -Djava.import.generatesMetadataFilesAtProjectRoot=false -Dm2e.project.cache.size=50 -DDetectVMInstallationsJob.disabled=true -Dfile.encoding=utf8 -XX:+UseParallelGC -XX:GCTimeRatio=4 -XX:AdaptiveSizePolicyWeight=90 -Dsun.zip.disableMemoryMapping=true -Xmx2G -Xms100m -Xlog:disable -javaagent:c:\Users\VICTUS\.vscode\extensions\redhat.java-1.56.0-win32-x64\lombok\lombok-1.18.39-4050.jar -XX:+HeapDumpOnOutOfMemoryError -XX:HeapDumpPath=c:\Users\VICTUS\AppData\Roaming\Code\User\workspaceStorage\2f8d8b5e0074f7f9ef6241d05b112171\redhat.java -Daether.dependencyCollector.impl=bf 
java_command: c:\Users\VICTUS\.vscode\extensions\redhat.java-1.56.0-win32-x64\server\plugins\org.eclipse.equinox.launcher_1.8.0.v20260804-1928.jar -configuration c:\Users\VICTUS\AppData\Roaming\Code\User\globalStorage\redhat.java\1.56.0\config_win -data c:\Users\VICTUS\AppData\Roaming\Code\User\workspaceStorage\2f8d8b5e0074f7f9ef6241d05b112171\redhat.java\jdt_ws --pipe=\\.\pipe\lsp-f02f0ef87c436a7cd8f37e86389c3171-sock
java_class_path (initial): c:\Users\VICTUS\.vscode\extensions\redhat.java-1.56.0-win32-x64\server\plugins\org.eclipse.equinox.launcher_1.8.0.v20260804-1928.jar
Launcher Type: SUN_STANDARD

[Global flags]
    uintx AdaptiveSizePolicyWeight                 = 90                                        {product} {command line}
     intx CICompilerCount                          = 12                                        {product} {ergonomic}
    uintx GCTimeRatio                              = 4                                         {product} {command line}
     bool HeapDumpOnOutOfMemoryError               = true                                   {manageable} {command line}
    ccstr HeapDumpPath                             = c:\Users\VICTUS\AppData\Roaming\Code\User\workspaceStorage\2f8d8b5e0074f7f9ef6241d05b112171\redhat.java         {manageable} {command line}
   size_t InitialHeapSize                          = 104857600                                 {product} {command line}
   size_t MaxHeapSize                              = 2147483648                                {product} {command line}
   size_t MaxNewSize                               = 715653120                                 {product} {ergonomic}
   size_t MinHeapDeltaBytes                        = 524288                                    {product} {ergonomic}
   size_t MinHeapSize                              = 104857600                                 {product} {command line}
   size_t NewSize                                  = 34603008                                  {product} {ergonomic}
    uintx NonNMethodCodeHeapSize                   = 7602480                                {pd product} {ergonomic}
    uintx NonProfiledCodeHeapSize                  = 122027880                              {pd product} {ergonomic}
   size_t OldSize                                  = 70254592                                  {product} {ergonomic}
    uintx ProfiledCodeHeapSize                     = 122027880                              {pd product} {ergonomic}
    uintx ReservedCodeCacheSize                    = 251658240                              {pd product} {ergonomic}
     bool SegmentedCodeCache                       = true                                      {product} {ergonomic}
   size_t SoftMaxHeapSize                          = 2147483648                             {manageable} {ergonomic}
     bool UseCompressedOops                        = true                           {product lp64_product} {ergonomic}
     bool UseLargePagesIndividualAllocation        = false                                  {pd product} {ergonomic}
     bool UseParallelGC                            = true                                      {product} {command line}

Logging:
Log output configuration:
 #0: stdout all=off uptime,level,tags foldmultilines=false
 #1: stderr all=off uptime,level,tags foldmultilines=false

Release file:
JAVA_VERSION="21.0.12.1" 
MODULES="java.base java.compiler java.datatransfer java.xml java.prefs java.desktop java.instrument java.logging java.management java.security.sasl java.naming java.rmi java.management.rmi java.net.http java.scripting java.security.jgss java.transaction.xa java.sql java.sql.rowset java.xml.crypto java.se java.smartcardio jdk.accessibility jdk.internal.jvmstat jdk.attach jdk.charsets jdk.internal.opt jdk.zipfs jdk.compiler jdk.crypto.ec jdk.crypto.cryptoki jdk.crypto.mscapi jdk.dynalink jdk.internal.ed jdk.editpad jdk.hotspot.agent jdk.httpserver jdk.internal.le jdk.internal.vm.ci jdk.internal.vm.compiler jdk.internal.vm.compiler.management jdk.jartool jdk.javadoc jdk.jcmd jdk.management jdk.management.agent jdk.jconsole jdk.jdeps jdk.jdwp.agent jdk.jdi jdk.jfr jdk.jshell jdk.jsobject jdk.jstatd jdk.localedata jdk.management.jfr jdk.naming.dns jdk.naming.rmi jdk.net jdk.nio.mapmode jdk.random jdk.sctp jdk.security.auth jdk.security.jgss jdk.unsupported jdk.unsupported.desktop jdk.xml.dom" 

Environment Variables:
JAVA_HOME=C:\Program Files\Java\jdk-17
PATH=C:\Program Files\Eclipse Adoptium\jdk-21.0.7.6-hotspot\bin;C:\Program Files\Common Files\Oracle\Java\javapath;C:\WINDOWS\system32;C:\WINDOWS;C:\WINDOWS\System32\Wbem;C:\WINDOWS\System32\WindowsPowerShell\v1.0\;C:\WINDOWS\System32\OpenSSH\;C:\Program Files\dotnet\;C:\Python;C:\Program Files\Java\jdk-17\bin;C:\Program Files\Git\cmd;C:\Python;C:\Users\VICTUS\AppData\Local\Programs\Python\Launcher\;C:\Users\VICTUS\AppData\Local\Microsoft\WindowsApps;C:\Users\VICTUS\AppData\Local\Programs\Microsoft VS Code\bin
USERNAME=VICTUS
OS=Windows_NT
PROCESSOR_IDENTIFIER=AMD64 Family 25 Model 80 Stepping 0, AuthenticAMD
TMP=C:\Users\VICTUS\AppData\Local\Temp
TEMP=C:\Users\VICTUS\AppData\Local\Temp




Periodic native trim disabled

---------------  S Y S T E M  ---------------

OS:
 Windows 11 , 64 bit Build 26100 (10.0.26100.9549)
OS uptime: 0 days 3:49 hours
Hyper-V role detected

CPU: total 16 (initial active 16) (16 cores per cpu, 2 threads per core) family 25 model 80 stepping 0 microcode 0xa50000f, cx8, cmov, fxsr, ht, mmx, 3dnowpref, sse, sse2, sse3, ssse3, sse4a, sse4.1, sse4.2, popcnt, lzcnt, tsc, tscinvbit, avx, avx2, aes, erms, clmul, bmi1, bmi2, adx, sha, fma, vzeroupper, clflush, clflushopt, hv, rdtscp, rdpid, fsrm, f16c, cet_ss
Processor Information for the first 16 processors :
  Max Mhz: 3201, Current Mhz: 1990, Mhz Limit: 3201

Memory: 4k page, system-wide physical 15709M (3235M free)
TotalPageFile size 17867M (AvailPageFile size 0M)
current process WorkingSet (physical memory assigned to process): 156M, peak: 156M
current process commit charge ("private bytes"): 306M, peak: 308M

vm_info: OpenJDK 64-Bit Server VM (21.0.12.1+1-LTS) for windows-amd64 JRE (21.0.12.1+1-LTS), built on 2026-08-18T00:00:00Z by "admin" with MS VC++ 17.12 (VS2022)

END.
